Oct 20 16:43 : exception: Failed to open '/home/momus/.config/mpd/mpdstate': No such file or directory
Oct 20 16:43 : update: added exported/first-beat.mp3
Oct 20 16:43 : update: added samples/vocal-xtal.wav
Oct 20 16:43 : audiofile: unrecognized audio file format
Oct 20 16:43 : update: added samples/Boxed Ear R-8 MkII Single Hits/808K_B.wav
Oct 20 16:43 : update: added samples/Boxed Ear R-8 MkII Single Hits/PIPE1.wav
Oct 20 16:43 : update: added samples/Boxed Ear R-8 MkII Single Hits/808S_B.wav
Oct 20 16:43 : update: added samples/Boxed Ear R-8 MkII Single Hits/909OHH.wav
Oct 20 16:43 : update: added samples/Boxed Ear R-8 MkII Single Hits/78CHH.wav
Oct 20 16:43 : update: added samples/Boxed Ear R-8 MkII Single Hits/78MBEAT_C.wav
Oct 20 16:43 : update: added samples/Boxed Ear R-8 MkII Single Hits/808K_A.wav
Oct 20 16:43 : update: added samples/Boxed Ear R-8 MkII Single Hits/909K_A.wav
Oct 20 16:43 : update: added samples/Boxed Ear R-8 MkII Single Hits/78TAMB.wav
Oct 20 16:43 : update: added samples/Boxed Ear R-8 MkII Single Hits/HARDK.wav
Oct 20 16:43 : update: added samples/Boxed Ear R-8 MkII Single Hits/808CLAV.wav
Oct 20 16:43 : update: added samples/Boxed Ear R-8 MkII Single Hits/909T.wav
Oct 20 16:43 : update: added samples/Boxed Ear R-8 MkII Single Hits/HIGHQ_C.wav
Oct 20 16:43 : update: added samples/Boxed Ear R-8 MkII Single Hits/FATS1.wav
Oct 20 16:43 : update: added samples/Boxed Ear R-8 MkII Single Hits/78K.wav
Oct 20 16:43 : update: added samples/Boxed Ear R-8 MkII Single Hits/SHADOW.wav
Oct 20 16:43 : update: added samples/Boxed Ear R-8 MkII Single Hits/78OHH.wav
Oct 20 16:43 : update: added samples/Boxed Ear R-8 MkII Single Hits/HIGHQ_A.wav
Oct 20 16:43 : update: added samples/Boxed Ear R-8 MkII Single Hits/OPENDI_A.wav
Oct 20 16:43 : update: added samples/Boxed Ear R-8 MkII Single Hits/CABASA.wav
Oct 20 16:43 : update: added samples/Boxed Ear R-8 MkII Single Hits/909SIDE.wav
Oct 20 16:43 : update: added samples/Boxed Ear R-8 MkII Single Hits/808T_A.wav
Oct 20 16:43 : update: added samples/Boxed Ear R-8 MkII Single Hits/808CLAP.wav
Oct 20 16:43 : update: added samples/Boxed Ear R-8 MkII Single Hits/SQUASK.wav
Oct 20 16:43 : update: added samples/Boxed Ear R-8 MkII Single Hits/BRRDC1.wav
Oct 20 16:43 : update: added samples/Boxed Ear R-8 MkII Single Hits/FINGSNAP_C.wav
Oct 20 16:43 : update: added samples/Boxed Ear R-8 MkII Single Hits/78MBEAT_B.wav
Oct 20 16:43 : update: added samples/Boxed Ear R-8 MkII Single Hits/HIGHQ_B.wav
Oct 20 16:43 : update: added samples/Boxed Ear R-8 MkII Single Hits/FINGSNAP_B.wav
Oct 20 16:43 : update: added samples/Boxed Ear R-8 MkII Single Hits/OPENDI_B.wav
Oct 20 16:43 : update: added samples/Boxed Ear R-8 MkII Single Hits/78MBEAT_A.wav
Oct 20 16:43 : update: added samples/Boxed Ear R-8 MkII Single Hits/909S.wav
Oct 20 16:43 : update: added samples/Boxed Ear R-8 MkII Single Hits/808CNG_A.wav
Oct 20 16:43 : update: added samples/Boxed Ear R-8 MkII Single Hits/808SIDE_A.wav
Oct 20 16:43 : update: added samples/Boxed Ear R-8 MkII Single Hits/808CNG_B.wav
Oct 20 16:43 : update: added samples/Boxed Ear R-8 MkII Single Hits/808OHH.wav
Oct 20 16:43 : update: added samples/Boxed Ear R-8 MkII Single Hits/FINGSNAP_A.wav
Oct 20 16:43 : update: added samples/Boxed Ear R-8 MkII Single Hits/PUNCHK.wav
Oct 20 16:43 : update: added samples/Boxed Ear R-8 MkII Single Hits/78COW.wav
Oct 20 16:43 : update: added samples/Boxed Ear R-8 MkII Single Hits/78GUIR.wav
Oct 20 16:43 : update: added samples/Boxed Ear R-8 MkII Single Hits/GATEK2.wav
Oct 20 16:43 : update: added samples/Boxed Ear R-8 MkII Single Hits/VIDEOK.wav
Oct 20 16:43 : update: added samples/Boxed Ear R-8 MkII Single Hits/SPARK1.wav
Oct 20 16:43 : update: added samples/Boxed Ear R-8 MkII Single Hits/808S_A.wav
Oct 20 16:43 : update: added samples/Boxed Ear R-8 MkII Single Hits/78MARC.wav
Oct 20 16:43 : update: added samples/Boxed Ear R-8 MkII Single Hits/RING1.wav
Oct 20 16:43 : update: added samples/Boxed Ear R-8 MkII Single Hits/DRYCLAP.wav
Oct 20 16:43 : update: added samples/Boxed Ear R-8 MkII Single Hits/78BNG_A.wav
Oct 20 16:43 : update: added samples/Boxed Ear R-8 MkII Single Hits/78S.wav
Oct 20 16:43 : update: added samples/Boxed Ear R-8 MkII Single Hits/909K_B.wav
Oct 20 16:43 : update: added samples/Boxed Ear R-8 MkII Single Hits/909CHH.wav
Oct 20 16:43 : update: added samples/Boxed Ear R-8 MkII Single Hits/LNGGUI.wav
Oct 20 16:43 : update: added samples/Boxed Ear R-8 MkII Single Hits/808CHH.wav
Oct 20 16:43 : update: added samples/Boxed Ear R-8 MkII Single Hits/VIDEOS.wav
Oct 20 16:43 : update: added samples/Boxed Ear R-8 MkII Single Hits/78BNG_B.wav
Oct 20 16:43 : update: added samples/Boxed Ear R-8 MkII Single Hits/808T_B.wav
Oct 20 16:43 : update: added samples/Boxed Ear R-8 MkII Single Hits/808COW.wav
Oct 20 16:43 : update: added samples/Boxed Ear R-8 MkII Single Hits/SHOGUI.wav
Oct 20 16:43 : update: added samples/90s Jungle Folder/cw_amen02_165.wav
Oct 20 16:43 : update: added samples/90s Jungle Folder/Dred Bass - Tuned correctly and fixed.wav
Oct 20 16:43 : update: added samples/90s Jungle Folder/Calling Break.wav
Oct 20 16:43 : update: added samples/90s Jungle Folder/Think 3-162.wav
Oct 20 16:43 : update: added samples/90s Jungle Folder/Dred Bass.wav
Oct 20 16:43 : update: added samples/90s Jungle Folder/Standard 808 (JW2).wav
Oct 20 16:43 : update: added samples/Boxed Ear Tempest vs MPC60/Snares/Snare 17.wav
Oct 20 16:43 : update: added samples/Boxed Ear Tempest vs MPC60/Snares/Snare 03.wav
Oct 20 16:43 : update: added samples/Boxed Ear Tempest vs MPC60/Snares/Snare 08.wav
Oct 20 16:43 : update: added samples/Boxed Ear Tempest vs MPC60/Snares/Snare 18.wav
Oct 20 16:43 : update: added samples/Boxed Ear Tempest vs MPC60/Snares/Snare 10.wav
Oct 20 16:43 : update: added samples/Boxed Ear Tempest vs MPC60/Snares/Snare 19.wav
Oct 20 16:43 : update: added samples/Boxed Ear Tempest vs MPC60/Snares/Snare 20.wav
Oct 20 16:43 : update: added samples/Boxed Ear Tempest vs MPC60/Snares/Snare 02.wav
Oct 20 16:43 : update: added samples/Boxed Ear Tempest vs MPC60/Snares/Snare 01.wav
Oct 20 16:43 : update: added samples/Boxed Ear Tempest vs MPC60/Snares/Snare 06.wav
Oct 20 16:43 : update: added samples/Boxed Ear Tempest vs MPC60/Snares/Snare 05.wav
Oct 20 16:43 : update: added samples/Boxed Ear Tempest vs MPC60/Snares/Snare 12.wav
Oct 20 16:43 : update: added samples/Boxed Ear Tempest vs MPC60/Snares/Snare 11.wav
Oct 20 16:43 : update: added samples/Boxed Ear Tempest vs MPC60/Snares/Snare 07.wav
Oct 20 16:43 : update: added samples/Boxed Ear Tempest vs MPC60/Snares/Snare 13.wav
Oct 20 16:43 : update: added samples/Boxed Ear Tempest vs MPC60/Snares/Snare 09.wav
Oct 20 16:43 : update: added samples/Boxed Ear Tempest vs MPC60/Snares/Snare 14.wav
Oct 20 16:43 : update: added samples/Boxed Ear Tempest vs MPC60/Snares/Snare 22.wav
Oct 20 16:43 : update: added samples/Boxed Ear Tempest vs MPC60/Snares/Snare 16.wav
Oct 20 16:43 : update: added samples/Boxed Ear Tempest vs MPC60/Snares/Snare 04.wav
Oct 20 16:43 : update: added samples/Boxed Ear Tempest vs MPC60/Snares/Snare 21.wav
Oct 20 16:43 : update: added samples/Boxed Ear Tempest vs MPC60/Snares/Snare 15.wav
Oct 20 16:43 : update: added samples/Boxed Ear Tempest vs MPC60/Kicks/Kick 16.wav
Oct 20 16:43 : update: added samples/Boxed Ear Tempest vs MPC60/Kicks/Kick 11.wav
Oct 20 16:43 : update: added samples/Boxed Ear Tempest vs MPC60/Kicks/Kick 07.wav
Oct 20 16:43 : update: added samples/Boxed Ear Tempest vs MPC60/Kicks/Kick 15.wav
Oct 20 16:43 : update: added samples/Boxed Ear Tempest vs MPC60/Kicks/Kick 05.wav
Oct 20 16:43 : update: added samples/Boxed Ear Tempest vs MPC60/Kicks/Kick 13.wav
Oct 20 16:43 : update: added samples/Boxed Ear Tempest vs MPC60/Kicks/Kick 12.wav
Oct 20 16:43 : update: added samples/Boxed Ear Tempest vs MPC60/Kicks/Kick 14.wav
Oct 20 16:43 : update: added samples/Boxed Ear Tempest vs MPC60/Kicks/Kick 20.wav
Oct 20 16:43 : update: added samples/Boxed Ear Tempest vs MPC60/Kicks/Kick 10.wav
Oct 20 16:43 : update: added samples/Boxed Ear Tempest vs MPC60/Kicks/Kick 01.wav
Oct 20 16:43 : update: added samples/Boxed Ear Tempest vs MPC60/Kicks/Kick 17.wav
Oct 20 16:43 : update: added samples/Boxed Ear Tempest vs MPC60/Kicks/Kick 18.wav
Oct 20 16:43 : update: added samples/Boxed Ear Tempest vs MPC60/Kicks/Kick 09.wav
Oct 20 16:43 : update: added samples/Boxed Ear Tempest vs MPC60/Kicks/Kick 19.wav
Oct 20 16:43 : update: added samples/Boxed Ear Tempest vs MPC60/Kicks/Kick 04.wav
Oct 20 16:43 : update: added samples/Boxed Ear Tempest vs MPC60/Kicks/Kick 03.wav
Oct 20 16:43 : update: added samples/Boxed Ear Tempest vs MPC60/Kicks/Kick 06.wav
Oct 20 16:43 : update: added samples/Boxed Ear Tempest vs MPC60/Kicks/Kick 08.wav
Oct 20 16:43 : update: added samples/Boxed Ear Tempest vs MPC60/Kicks/Kick 02.wav
Oct 20 16:43 : update: added samples/Boxed Ear Tempest vs MPC60/Toms/Tom 3.wav
Oct 20 16:43 : update: added samples/Boxed Ear Tempest vs MPC60/Toms/Tom 8.wav
Oct 20 16:43 : update: added samples/Boxed Ear Tempest vs MPC60/Toms/Tom 2.wav
Oct 20 16:43 : update: added samples/Boxed Ear Tempest vs MPC60/Toms/Tom 5.wav
Oct 20 16:43 : update: added samples/Boxed Ear Tempest vs MPC60/Toms/Tom 4.wav
Oct 20 16:43 : update: added samples/Boxed Ear Tempest vs MPC60/Toms/Tom 1.wav
Oct 20 16:43 : update: added samples/Boxed Ear Tempest vs MPC60/Toms/Tom 6.wav
Oct 20 16:43 : update: added samples/Boxed Ear Tempest vs MPC60/Toms/Tom 7.wav
Oct 20 16:43 : update: added samples/Boxed Ear Tempest vs MPC60/Percussion/Percussion 10.wav
Oct 20 16:43 : update: added samples/Boxed Ear Tempest vs MPC60/Percussion/Percussion 22.wav
Oct 20 16:43 : update: added samples/Boxed Ear Tempest vs MPC60/Percussion/Percussion 12.wav
Oct 20 16:43 : update: added samples/Boxed Ear Tempest vs MPC60/Percussion/Percussion 19.wav
Oct 20 16:43 : update: added samples/Boxed Ear Tempest vs MPC60/Percussion/Percussion 26.wav
Oct 20 16:43 : update: added samples/Boxed Ear Tempest vs MPC60/Percussion/Percussion 17.wav
Oct 20 16:43 : update: added samples/Boxed Ear Tempest vs MPC60/Percussion/Percussion 07.wav
Oct 20 16:43 : update: added samples/Boxed Ear Tempest vs MPC60/Percussion/Percussion 08.wav
Oct 20 16:43 : update: added samples/Boxed Ear Tempest vs MPC60/Percussion/Percussion 14.wav
Oct 20 16:43 : update: added samples/Boxed Ear Tempest vs MPC60/Percussion/Percussion 02.wav
Oct 20 16:43 : update: added samples/Boxed Ear Tempest vs MPC60/Percussion/Percussion 24.wav
Oct 20 16:43 : update: added samples/Boxed Ear Tempest vs MPC60/Percussion/Percussion 05.wav
Oct 20 16:43 : update: added samples/Boxed Ear Tempest vs MPC60/Percussion/Percussion 15.wav
Oct 20 16:43 : update: added samples/Boxed Ear Tempest vs MPC60/Percussion/Percussion 06.wav
Oct 20 16:43 : update: added samples/Boxed Ear Tempest vs MPC60/Percussion/Percussion 20.wav
Oct 20 16:43 : update: added samples/Boxed Ear Tempest vs MPC60/Percussion/Percussion 03.wav
Oct 20 16:43 : update: added samples/Boxed Ear Tempest vs MPC60/Percussion/Percussion 01.wav
Oct 20 16:43 : update: added samples/Boxed Ear Tempest vs MPC60/Percussion/Percussion 23.wav
Oct 20 16:43 : update: added samples/Boxed Ear Tempest vs MPC60/Percussion/Percussion 16.wav
Oct 20 16:43 : update: added samples/Boxed Ear Tempest vs MPC60/Percussion/Percussion 04.wav
Oct 20 16:43 : update: added samples/Boxed Ear Tempest vs MPC60/Percussion/Percussion 25.wav
Oct 20 16:43 : update: added samples/Boxed Ear Tempest vs MPC60/Percussion/Percussion 21.wav
Oct 20 16:43 : update: added samples/Boxed Ear Tempest vs MPC60/Percussion/Percussion 11.wav
Oct 20 16:43 : update: added samples/Boxed Ear Tempest vs MPC60/Percussion/Percussion 09.wav
Oct 20 16:43 : update: added samples/Boxed Ear Tempest vs MPC60/Percussion/Percussion 18.wav
Oct 20 16:43 : update: added samples/Boxed Ear Tempest vs MPC60/Percussion/Percussion 13.wav
Oct 20 16:43 : update: added samples/Boxed Ear Tempest vs MPC60/HiHats/HiHat 09.wav
Oct 20 16:43 : update: added samples/Boxed Ear Tempest vs MPC60/HiHats/HiHat 12.wav
Oct 20 16:43 : update: added samples/Boxed Ear Tempest vs MPC60/HiHats/HiHat 03.wav
Oct 20 16:43 : update: added samples/Boxed Ear Tempest vs MPC60/HiHats/HiHat 07.wav
Oct 20 16:43 : update: added samples/Boxed Ear Tempest vs MPC60/HiHats/HiHat 06.wav
Oct 20 16:43 : update: added samples/Boxed Ear Tempest vs MPC60/HiHats/HiHat 02.wav
Oct 20 16:43 : update: added samples/Boxed Ear Tempest vs MPC60/HiHats/HiHat 08.wav
Oct 20 16:43 : update: added samples/Boxed Ear Tempest vs MPC60/HiHats/HiHat 14.wav
Oct 20 16:43 : update: added samples/Boxed Ear Tempest vs MPC60/HiHats/HiHat 04.wav
Oct 20 16:43 : update: added samples/Boxed Ear Tempest vs MPC60/HiHats/HiHat 10.wav
Oct 20 16:43 : update: added samples/Boxed Ear Tempest vs MPC60/HiHats/HiHat 01.wav
Oct 20 16:43 : update: added samples/Boxed Ear Tempest vs MPC60/HiHats/HiHat 05.wav
Oct 20 16:43 : update: added samples/Boxed Ear Tempest vs MPC60/HiHats/HiHat 11.wav
Oct 20 16:43 : update: added samples/Boxed Ear Tempest vs MPC60/HiHats/HiHat 13.wav
Oct 20 16:43 : update: added samples/90s Jungle sounds Folder.zip/90s Jungle Folder/Calling Break.wav
Oct 20 16:43 : update: added samples/90s Jungle sounds Folder.zip/90s Jungle Folder/cw_amen02_165.wav
Oct 20 16:43 : update: added samples/90s Jungle sounds Folder.zip/90s Jungle Folder/Dred Bass - Tuned correctly and fixed.wav
Oct 20 16:43 : update: added samples/90s Jungle sounds Folder.zip/90s Jungle Folder/Dred Bass.wav
Oct 20 16:43 : update: added samples/90s Jungle sounds Folder.zip/90s Jungle Folder/Standard 808 (JW2).wav
Oct 20 16:43 : update: added samples/90s Jungle sounds Folder.zip/90s Jungle Folder/Think 3-162.wav
Oct 20 16:43 : update: added samples/vocal-xtal.mp3
Oct 20 16:43 : update: added samples/Boxed Ear Vertice Samples/Boxed_Ear_Vertice_66.wav
Oct 20 16:43 : update: added samples/Boxed Ear Vertice Samples/Boxed_Ear_Vertice_43.wav
Oct 20 16:43 : update: added samples/Boxed Ear Vertice Samples/Boxed_Ear_Vertice_39.wav
Oct 20 16:43 : update: added samples/Boxed Ear Vertice Samples/Boxed_Ear_Vertice_25.wav
Oct 20 16:43 : update: added samples/Boxed Ear Vertice Samples/Boxed_Ear_Vertice_77.wav
Oct 20 16:43 : update: added samples/Boxed Ear Vertice Samples/Boxed_Ear_Vertice_53.wav
Oct 20 16:43 : update: added samples/Boxed Ear Vertice Samples/Boxed_Ear_Vertice_38.wav
Oct 20 16:43 : update: added samples/Boxed Ear Vertice Samples/Boxed_Ear_Vertice_52.wav
Oct 20 16:43 : update: added samples/Boxed Ear Vertice Samples/Boxed_Ear_Vertice_35.wav
Oct 20 16:43 : update: added samples/Boxed Ear Vertice Samples/Boxed_Ear_Vertice_57.wav
Oct 20 16:43 : update: added samples/Boxed Ear Vertice Samples/Boxed_Ear_Vertice_23.wav
Oct 20 16:43 : update: added samples/Boxed Ear Vertice Samples/Boxed_Ear_Vertice_56.wav
Oct 20 16:43 : update: added samples/Boxed Ear Vertice Samples/Boxed_Ear_Vertice_15.wav
Oct 20 16:43 : update: added samples/Boxed Ear Vertice Samples/Boxed_Ear_Vertice_26.wav
Oct 20 16:43 : update: added samples/Boxed Ear Vertice Samples/Boxed_Ear_Vertice_71.wav
Oct 20 16:43 : update: added samples/Boxed Ear Vertice Samples/Boxed_Ear_Vertice_02.wav
Oct 20 16:43 : update: added samples/Boxed Ear Vertice Samples/Boxed_Ear_Vertice_12.wav
Oct 20 16:43 : update: added samples/Boxed Ear Vertice Samples/Boxed_Ear_Vertice_70.wav
Oct 20 16:43 : update: added samples/Boxed Ear Vertice Samples/Boxed_Ear_Vertice_51.wav
Oct 20 16:43 : update: added samples/Boxed Ear Vertice Samples/Boxed_Ear_Vertice_49.wav
Oct 20 16:43 : update: added samples/Boxed Ear Vertice Samples/Boxed_Ear_Vertice_54.wav
Oct 20 16:43 : update: added samples/Boxed Ear Vertice Samples/Boxed_Ear_Vertice_42.wav
Oct 20 16:43 : update: added samples/Boxed Ear Vertice Samples/Boxed_Ear_Vertice_62.wav
Oct 20 16:43 : update: added samples/Boxed Ear Vertice Samples/Boxed_Ear_Vertice_75.wav
Oct 20 16:43 : update: added samples/Boxed Ear Vertice Samples/Boxed_Ear_Vertice_16.wav
Oct 20 16:43 : update: added samples/Boxed Ear Vertice Samples/Boxed_Ear_Vertice_76.wav
Oct 20 16:43 : update: added samples/Boxed Ear Vertice Samples/Boxed_Ear_Vertice_18.wav
Oct 20 16:43 : update: added samples/Boxed Ear Vertice Samples/Boxed_Ear_Vertice_22.wav
Oct 20 16:43 : update: added samples/Boxed Ear Vertice Samples/Boxed_Ear_Vertice_05.wav
Oct 20 16:43 : update: added samples/Boxed Ear Vertice Samples/Boxed_Ear_Vertice_67.wav
Oct 20 16:43 : update: added samples/Boxed Ear Vertice Samples/Boxed_Ear_Vertice_55.wav
Oct 20 16:43 : update: added samples/Boxed Ear Vertice Samples/Boxed_Ear_Vertice_28.wav
Oct 20 16:43 : update: added samples/Boxed Ear Vertice Samples/Boxed_Ear_Vertice_46.wav
Oct 20 16:43 : update: added samples/Boxed Ear Vertice Samples/Boxed_Ear_Vertice_08.wav
Oct 20 16:43 : update: added samples/Boxed Ear Vertice Samples/Boxed_Ear_Vertice_68.wav
Oct 20 16:43 : update: added samples/Boxed Ear Vertice Samples/Boxed_Ear_Vertice_33.wav
Oct 20 16:43 : update: added samples/Boxed Ear Vertice Samples/Boxed_Ear_Vertice_64.wav
Oct 20 16:43 : update: added samples/Boxed Ear Vertice Samples/Boxed_Ear_Vertice_31.wav
Oct 20 16:43 : update: added samples/Boxed Ear Vertice Samples/Boxed_Ear_Vertice_78.wav
Oct 20 16:43 : update: added samples/Boxed Ear Vertice Samples/Boxed_Ear_Vertice_44.wav
Oct 20 16:43 : update: added samples/Boxed Ear Vertice Samples/Boxed_Ear_Vertice_73.wav
Oct 20 16:43 : update: added samples/Boxed Ear Vertice Samples/Boxed_Ear_Vertice_27.wav
Oct 20 16:43 : update: added samples/Boxed Ear Vertice Samples/Boxed_Ear_Vertice_09.wav
Oct 20 16:43 : update: added samples/Boxed Ear Vertice Samples/Boxed_Ear_Vertice_63.wav
Oct 20 16:43 : update: added samples/Boxed Ear Vertice Samples/Boxed_Ear_Vertice_48.wav
Oct 20 16:43 : update: added samples/Boxed Ear Vertice Samples/Boxed_Ear_Vertice_10.wav
Oct 20 16:43 : update: added samples/Boxed Ear Vertice Samples/Boxed_Ear_Vertice_21.wav
Oct 20 16:43 : update: added samples/Boxed Ear Vertice Samples/Boxed_Ear_Vertice_24.wav
Oct 20 16:43 : update: added samples/Boxed Ear Vertice Samples/Boxed_Ear_Vertice_40.wav
Oct 20 16:43 : update: added samples/Boxed Ear Vertice Samples/Boxed_Ear_Vertice_13.wav
Oct 20 16:43 : update: added samples/Boxed Ear Vertice Samples/Boxed_Ear_Vertice_45.wav
Oct 20 16:43 : update: added samples/Boxed Ear Vertice Samples/Boxed_Ear_Vertice_72.wav
Oct 20 16:43 : update: added samples/Boxed Ear Vertice Samples/Boxed_Ear_Vertice_20.wav
Oct 20 16:43 : update: added samples/Boxed Ear Vertice Samples/Boxed_Ear_Vertice_74.wav
Oct 20 16:43 : update: added samples/Boxed Ear Vertice Samples/Boxed_Ear_Vertice_36.wav
Oct 20 16:43 : update: added samples/Boxed Ear Vertice Samples/Boxed_Ear_Vertice_19.wav
Oct 20 16:43 : update: added samples/Boxed Ear Vertice Samples/Boxed_Ear_Vertice_01.wav
Oct 20 16:43 : update: added samples/Boxed Ear Vertice Samples/Boxed_Ear_Vertice_59.wav
Oct 20 16:43 : update: added samples/Boxed Ear Vertice Samples/Boxed_Ear_Vertice_50.wav
Oct 20 16:43 : update: added samples/Boxed Ear Vertice Samples/Boxed_Ear_Vertice_04.wav
Oct 20 16:43 : update: added samples/Boxed Ear Vertice Samples/Boxed_Ear_Vertice_32.wav
Oct 20 16:43 : update: added samples/Boxed Ear Vertice Samples/Boxed_Ear_Vertice_14.wav
Oct 20 16:43 : update: added samples/Boxed Ear Vertice Samples/Boxed_Ear_Vertice_47.wav
Oct 20 16:43 : update: added samples/Boxed Ear Vertice Samples/Boxed_Ear_Vertice_60.wav
Oct 20 16:43 : update: added samples/Boxed Ear Vertice Samples/Boxed_Ear_Vertice_30.wav
Oct 20 16:43 : update: added samples/Boxed Ear Vertice Samples/Boxed_Ear_Vertice_29.wav
Oct 20 16:43 : update: added samples/Boxed Ear Vertice Samples/Boxed_Ear_Vertice_65.wav
Oct 20 16:43 : update: added samples/Boxed Ear Vertice Samples/Boxed_Ear_Vertice_69.wav
Oct 20 16:43 : update: added samples/Boxed Ear Vertice Samples/Boxed_Ear_Vertice_34.wav
Oct 20 16:43 : update: added samples/Boxed Ear Vertice Samples/Boxed_Ear_Vertice_37.wav
Oct 20 16:43 : update: added samples/Boxed Ear Vertice Samples/Boxed_Ear_Vertice_41.wav
Oct 20 16:43 : update: added samples/Boxed Ear Vertice Samples/Boxed_Ear_Vertice_03.wav
Oct 20 16:43 : update: added samples/Boxed Ear Vertice Samples/Boxed_Ear_Vertice_61.wav
Oct 20 16:43 : update: added samples/Boxed Ear Vertice Samples/Boxed_Ear_Vertice_17.wav
Oct 20 16:43 : update: added samples/Boxed Ear Vertice Samples/Boxed_Ear_Vertice_11.wav
Oct 20 16:43 : update: added samples/Boxed Ear Vertice Samples/Boxed_Ear_Vertice_07.wav
Oct 20 16:43 : update: added samples/Boxed Ear Vertice Samples/Boxed_Ear_Vertice_06.wav
Oct 20 16:43 : update: added samples/Boxed Ear Vertice Samples/Boxed_Ear_Vertice_58.wav
